src/components/ModalManager.tsx(183,40): error TS2554: Expected 1 arguments, but got 2.
src/components/ProjectDetailView.tsx(207,11): error TS6133: 'selectAllRab' is declared but its value is never read.
src/components/ProjectDetailView.tsx(212,11): error TS6133: 'deselectAllRab' is declared but its value is never read.
src/components/ProjectDetailView.tsx(1220,71): error TS6133: 'catTimeline' is declared but its value is never read.
src/components/ProjectDetailView.tsx(1819,46): error TS2367: This comparison appears to be unintentional because the types '"internal"' and '"client"' have no overlap.
